com/github/javafaker/Lorem.class
com/github/javafaker/service/FakeValuesService.class
com/github/javafaker/Shakespeare.class
com/github/javafaker/Music.class
com/github/javafaker/Zelda.class
com/github/javafaker/service/FakeValuesService$MethodAndCoercedArgs.class
com/github/javafaker/IdNumber.class
com/github/javafaker/Commerce.class
com/github/javafaker/service/FakerIDN.class
com/github/javafaker/Company.class
com/github/javafaker/Book.class
com/github/javafaker/LordOfTheRings.class
com/github/javafaker/Ancient.class
com/github/javafaker/Yoda.class
com/github/javafaker/Food.class
com/github/javafaker/Friends.class
com/github/javafaker/service/LocaleDoesNotExistException.class
com/github/javafaker/PhoneNumber.class
com/github/javafaker/Crypto.class
com/github/javafaker/CreditCardType.class
com/github/javafaker/Job.class
com/github/javafaker/RickAndMorty.class
com/github/javafaker/Code.class
com/github/javafaker/Demographic.class
com/github/javafaker/Stock.class
com/github/javafaker/Witcher.class
com/github/javafaker/Address.class
com/github/javafaker/Internet.class
com/github/javafaker/Hipster.class
com/github/javafaker/Bool.class
com/github/javafaker/Superhero.class
com/github/javafaker/Color.class
com/github/javafaker/Space.class
com/github/javafaker/idnumbers/SvSEIdNumber.class
com/github/javafaker/Artist.class
com/github/javafaker/Team.class
com/github/javafaker/RockBand.class
com/github/javafaker/idnumbers/EnIdNumber.class
com/github/javafaker/Esports.class
com/github/javafaker/service/FakeValuesService$1.class
com/github/javafaker/University.class
com/github/javafaker/Cat.class
com/github/javafaker/App.class
com/github/javafaker/TwinPeaks.class
com/github/javafaker/Finance.class
com/github/javafaker/Matz.class
com/github/javafaker/SlackEmoji.class
com/github/javafaker/Hacker.class
com/github/javafaker/HarryPotter.class
com/github/javafaker/Pokemon.class
com/github/javafaker/Number.class
com/github/javafaker/service/RandomService.class
com/github/javafaker/Name.class
com/github/javafaker/Options.class
com/github/javafaker/Faker.class
com/github/javafaker/DateAndTime.class
com/github/javafaker/Educator.class
com/github/javafaker/Beer.class
com/github/javafaker/File.class
com/github/javafaker/ChuckNorris.class
com/github/javafaker/GameOfThrones.class
com/github/javafaker/Business.class
