/Users/hezj/Library/Mobile Documents/com~apple~CloudDocs/NEU/INFO5100/java-faker/src/main/java/com/github/javafaker/PhoneNumber.java
/Users/hezj/Library/Mobile Documents/com~apple~CloudDocs/NEU/INFO5100/java-faker/src/main/java/com/github/javafaker/Artist.java
/Users/hezj/Library/Mobile Documents/com~apple~CloudDocs/NEU/INFO5100/java-faker/src/main/java/com/github/javafaker/CreditCardType.java
/Users/hezj/Library/Mobile Documents/com~apple~CloudDocs/NEU/INFO5100/java-faker/src/main/java/com/github/javafaker/Finance.java
/Users/hezj/Library/Mobile Documents/com~apple~CloudDocs/NEU/INFO5100/java-faker/src/main/java/com/github/javafaker/Color.java
/Users/hezj/Library/Mobile Documents/com~apple~CloudDocs/NEU/INFO5100/java-faker/src/main/java/com/github/javafaker/Commerce.java
/Users/hezj/Library/Mobile Documents/com~apple~CloudDocs/NEU/INFO5100/java-faker/src/main/java/com/github/javafaker/Business.java
/Users/hezj/Library/Mobile Documents/com~apple~CloudDocs/NEU/INFO5100/java-faker/src/main/java/com/github/javafaker/Space.java
/Users/hezj/Library/Mobile Documents/com~apple~CloudDocs/NEU/INFO5100/java-faker/src/main/java/com/github/javafaker/RockBand.java
/Users/hezj/Library/Mobile Documents/com~apple~CloudDocs/NEU/INFO5100/java-faker/src/main/java/com/github/javafaker/Zelda.java
/Users/hezj/Library/Mobile Documents/com~apple~CloudDocs/NEU/INFO5100/java-faker/src/main/java/com/github/javafaker/Internet.java
/Users/hezj/Library/Mobile Documents/com~apple~CloudDocs/NEU/INFO5100/java-faker/src/main/java/com/github/javafaker/IdNumber.java
/Users/hezj/Library/Mobile Documents/com~apple~CloudDocs/NEU/INFO5100/java-faker/src/main/java/com/github/javafaker/Superhero.java
/Users/hezj/Library/Mobile Documents/com~apple~CloudDocs/NEU/INFO5100/java-faker/src/main/java/com/github/javafaker/Hacker.java
/Users/hezj/Library/Mobile Documents/com~apple~CloudDocs/NEU/INFO5100/java-faker/src/main/java/com/github/javafaker/University.java
/Users/hezj/Library/Mobile Documents/com~apple~CloudDocs/NEU/INFO5100/java-faker/src/main/java/com/github/javafaker/service/LocaleDoesNotExistException.java
/Users/hezj/Library/Mobile Documents/com~apple~CloudDocs/NEU/INFO5100/java-faker/src/main/java/com/github/javafaker/Stock.java
/Users/hezj/Library/Mobile Documents/com~apple~CloudDocs/NEU/INFO5100/java-faker/src/main/java/com/github/javafaker/Lorem.java
/Users/hezj/Library/Mobile Documents/com~apple~CloudDocs/NEU/INFO5100/java-faker/src/main/java/com/github/javafaker/Music.java
/Users/hezj/Library/Mobile Documents/com~apple~CloudDocs/NEU/INFO5100/java-faker/src/main/java/com/github/javafaker/Witcher.java
/Users/hezj/Library/Mobile Documents/com~apple~CloudDocs/NEU/INFO5100/java-faker/src/main/java/com/github/javafaker/service/FakeValuesService.java
/Users/hezj/Library/Mobile Documents/com~apple~CloudDocs/NEU/INFO5100/java-faker/src/main/java/com/github/javafaker/Code.java
/Users/hezj/Library/Mobile Documents/com~apple~CloudDocs/NEU/INFO5100/java-faker/src/main/java/com/github/javafaker/Address.java
/Users/hezj/Library/Mobile Documents/com~apple~CloudDocs/NEU/INFO5100/java-faker/src/main/java/com/github/javafaker/Cat.java
/Users/hezj/Library/Mobile Documents/com~apple~CloudDocs/NEU/INFO5100/java-faker/src/main/java/com/github/javafaker/Esports.java
/Users/hezj/Library/Mobile Documents/com~apple~CloudDocs/NEU/INFO5100/java-faker/src/main/java/com/github/javafaker/File.java
/Users/hezj/Library/Mobile Documents/com~apple~CloudDocs/NEU/INFO5100/java-faker/src/main/java/com/github/javafaker/App.java
/Users/hezj/Library/Mobile Documents/com~apple~CloudDocs/NEU/INFO5100/java-faker/src/main/java/com/github/javafaker/Matz.java
/Users/hezj/Library/Mobile Documents/com~apple~CloudDocs/NEU/INFO5100/java-faker/src/main/java/com/github/javafaker/Options.java
/Users/hezj/Library/Mobile Documents/com~apple~CloudDocs/NEU/INFO5100/java-faker/src/main/java/com/github/javafaker/Bool.java
/Users/hezj/Library/Mobile Documents/com~apple~CloudDocs/NEU/INFO5100/java-faker/src/main/java/com/github/javafaker/Beer.java
/Users/hezj/Library/Mobile Documents/com~apple~CloudDocs/NEU/INFO5100/java-faker/src/main/java/com/github/javafaker/Job.java
/Users/hezj/Library/Mobile Documents/com~apple~CloudDocs/NEU/INFO5100/java-faker/src/main/java/com/github/javafaker/service/RandomService.java
/Users/hezj/Library/Mobile Documents/com~apple~CloudDocs/NEU/INFO5100/java-faker/src/main/java/com/github/javafaker/Faker.java
/Users/hezj/Library/Mobile Documents/com~apple~CloudDocs/NEU/INFO5100/java-faker/src/main/java/com/github/javafaker/Company.java
/Users/hezj/Library/Mobile Documents/com~apple~CloudDocs/NEU/INFO5100/java-faker/src/main/java/com/github/javafaker/HarryPotter.java
/Users/hezj/Library/Mobile Documents/com~apple~CloudDocs/NEU/INFO5100/java-faker/src/main/java/com/github/javafaker/Book.java
/Users/hezj/Library/Mobile Documents/com~apple~CloudDocs/NEU/INFO5100/java-faker/src/main/java/com/github/javafaker/Friends.java
/Users/hezj/Library/Mobile Documents/com~apple~CloudDocs/NEU/INFO5100/java-faker/src/main/java/com/github/javafaker/Yoda.java
/Users/hezj/Library/Mobile Documents/com~apple~CloudDocs/NEU/INFO5100/java-faker/src/main/java/com/github/javafaker/service/FakerIDN.java
/Users/hezj/Library/Mobile Documents/com~apple~CloudDocs/NEU/INFO5100/java-faker/src/main/java/com/github/javafaker/Number.java
/Users/hezj/Library/Mobile Documents/com~apple~CloudDocs/NEU/INFO5100/java-faker/src/main/java/com/github/javafaker/ChuckNorris.java
/Users/hezj/Library/Mobile Documents/com~apple~CloudDocs/NEU/INFO5100/java-faker/src/main/java/com/github/javafaker/Shakespeare.java
/Users/hezj/Library/Mobile Documents/com~apple~CloudDocs/NEU/INFO5100/java-faker/src/main/java/com/github/javafaker/Food.java
/Users/hezj/Library/Mobile Documents/com~apple~CloudDocs/NEU/INFO5100/java-faker/src/main/java/com/github/javafaker/Crypto.java
/Users/hezj/Library/Mobile Documents/com~apple~CloudDocs/NEU/INFO5100/java-faker/src/main/java/com/github/javafaker/RickAndMorty.java
/Users/hezj/Library/Mobile Documents/com~apple~CloudDocs/NEU/INFO5100/java-faker/src/main/java/com/github/javafaker/Ancient.java
/Users/hezj/Library/Mobile Documents/com~apple~CloudDocs/NEU/INFO5100/java-faker/src/main/java/com/github/javafaker/idnumbers/SvSEIdNumber.java
/Users/hezj/Library/Mobile Documents/com~apple~CloudDocs/NEU/INFO5100/java-faker/src/main/java/com/github/javafaker/DateAndTime.java
/Users/hezj/Library/Mobile Documents/com~apple~CloudDocs/NEU/INFO5100/java-faker/src/main/java/com/github/javafaker/Pokemon.java
/Users/hezj/Library/Mobile Documents/com~apple~CloudDocs/NEU/INFO5100/java-faker/src/main/java/com/github/javafaker/TwinPeaks.java
/Users/hezj/Library/Mobile Documents/com~apple~CloudDocs/NEU/INFO5100/java-faker/src/main/java/com/github/javafaker/Name.java
/Users/hezj/Library/Mobile Documents/com~apple~CloudDocs/NEU/INFO5100/java-faker/src/main/java/com/github/javafaker/SlackEmoji.java
/Users/hezj/Library/Mobile Documents/com~apple~CloudDocs/NEU/INFO5100/java-faker/src/main/java/com/github/javafaker/Hipster.java
/Users/hezj/Library/Mobile Documents/com~apple~CloudDocs/NEU/INFO5100/java-faker/src/main/java/com/github/javafaker/Demographic.java
/Users/hezj/Library/Mobile Documents/com~apple~CloudDocs/NEU/INFO5100/java-faker/src/main/java/com/github/javafaker/GameOfThrones.java
/Users/hezj/Library/Mobile Documents/com~apple~CloudDocs/NEU/INFO5100/java-faker/src/main/java/com/github/javafaker/LordOfTheRings.java
/Users/hezj/Library/Mobile Documents/com~apple~CloudDocs/NEU/INFO5100/java-faker/src/main/java/com/github/javafaker/idnumbers/EnIdNumber.java
/Users/hezj/Library/Mobile Documents/com~apple~CloudDocs/NEU/INFO5100/java-faker/src/main/java/com/github/javafaker/Team.java
/Users/hezj/Library/Mobile Documents/com~apple~CloudDocs/NEU/INFO5100/java-faker/src/main/java/com/github/javafaker/Educator.java
